dev.punchcafe.vngine.gb.codegen.MutationMethodNameConverterTest.canHashDecreaseIntegerMutation=[
  "dec_glob_int_var_my_variable_to_101"
]


dev.punchcafe.vngine.gb.codegen.MutationMethodNameConverterTest.canHashIncreaseIntegerMutation=[
  "inc_glob_int_var_my_variable_to_50"
]


dev.punchcafe.vngine.gb.codegen.MutationMethodNameConverterTest.canHashSetBooleanMutationToFalse=[
  "set_glob_bool_var_mybol_to_false"
]


dev.punchcafe.vngine.gb.codegen.MutationMethodNameConverterTest.canHashSetBooleanMutationToTrue=[
  "set_glob_bool_var_my_bool_to_true"
]


dev.punchcafe.vngine.gb.codegen.MutationMethodNameConverterTest.canHashSetStringMutation=[
  "set_glob_str_var_my_string_to_newval"
]


dev.punchcafe.vngine.gb.codegen.MutationMethodNameConverterTest.canHashSetStringMutationForComplextString=[
  "set_glob_str_var_my_string_to_Hello__URLCHAR_21____PLUS__I__URLCHAR_27__m__PLUS__using__PLUS__lot__URLCHAR_27__s__PLUS__of__PLUS__really__PLUS____URLCHAR_40__nnoyig__PLUS__pun__URLCHAR_28__tu4t__URLCHAR_60____PERCENT__7C0__PERCENT__7C__PERCENT__5C__PERCENT__7C"
]